push_document 2
push_directive_splice
push_group 6
skip

push_positional_member
push_expr_add
decimal_int
skip
skip
push_expr_multiply
decimal_int
skip
skip
decimal_int
pop_expr_multiply
pop_expr_add
pop_positional_member
comma
skip

push_positional_member
push_expr_add
push_expr_multiply
decimal_int
skip
skip
decimal_int
skip
pop_expr_multiply
skip
decimal_int
pop_expr_add
pop_positional_member
comma
skip

push_positional_member
push_expr_add
decimal_int
skip
skip
push_expr_divide
decimal_int
skip
skip
decimal_int
pop_expr_divide
pop_expr_add
pop_positional_member
comma
skip

push_positional_member
push_expr_add
push_expr_divide
decimal_int
skip
skip
decimal_int
skip
pop_expr_divide
skip
decimal_int
pop_expr_add
pop_positional_member
comma
skip

push_positional_member
push_expr_add
decimal_int
skip
skip
push_expr_modulo
decimal_int
skip
skip
decimal_int
pop_expr_modulo
pop_expr_add
pop_positional_member
comma
skip

push_positional_member
push_expr_add
push_expr_modulo
decimal_int
skip
skip
decimal_int
skip
pop_expr_modulo
skip
decimal_int
pop_expr_add
pop_positional_member
comma
skip

pop_group
pop_directive_splice
text
pop_document
