push_document 2
push_directive_splice
push_group 6
skip

push_positional_member
push_expr_add
decimal_int
skip
skip
push_expr_unary_plus
decimal_int
pop_expr_unary_plus
pop_expr_add
pop_positional_member
comma
skip

push_positional_member
push_expr_add
decimal_int
skip
skip
push_expr_unary_minus
decimal_int
pop_expr_unary_minus
pop_expr_add
pop_positional_member
comma
skip

push_positional_member
push_expr_add
decimal_int
skip
skip
push_expr_logical_not
decimal_int
pop_expr_logical_not
pop_expr_add
pop_positional_member
comma
skip

push_positional_member
push_expr_add
decimal_int
skip
skip
push_expr_bitwise_not
decimal_int
pop_expr_bitwise_not
pop_expr_add
pop_positional_member
comma
skip

push_positional_member
push_expr_add
push_expr_unary_minus
decimal_int
pop_expr_unary_minus
skip
skip
decimal_int
pop_expr_add
pop_positional_member
comma
skip

push_positional_member
push_expr_add
push_expr_unary_plus
decimal_int
pop_expr_unary_plus
skip
skip
decimal_int
pop_expr_add
pop_positional_member
comma
skip

pop_group
pop_directive_splice
text
pop_document
