push_document 2
push_directive_splice
push_group 4
skip

push_positional_member
push_expr_logical_and
decimal_int
skip
skip
decimal_int
pop_expr_logical_and
pop_positional_member
comma
skip

push_positional_member
push_expr_logical_or
decimal_int
skip
skip
decimal_int
pop_expr_logical_or
pop_positional_member
comma
skip

push_positional_member
push_expr_logical_and
push_expr_logical_and
decimal_int
skip
skip
decimal_int
skip
pop_expr_logical_and
skip
decimal_int
pop_expr_logical_and
pop_positional_member
comma
skip

push_positional_member
push_expr_logical_or
push_expr_logical_or
decimal_int
skip
skip
decimal_int
skip
pop_expr_logical_or
skip
decimal_int
pop_expr_logical_or
pop_positional_member
comma
skip

pop_group
pop_directive_splice
text
pop_document
