push_document 2
push_directive_splice
push_group 3
skip

push_positional_member
push_expr_add
decimal_int
skip
skip
decimal_int
pop_expr_add
pop_positional_member
comma
skip

push_positional_member
push_expr_add
decimal_int
decimal_int
pop_expr_add
pop_positional_member
comma
skip

push_positional_member
push_expr_add
decimal_int
skip
skip
skip
skip
skip
skip
decimal_int
pop_expr_add
pop_positional_member
comma
skip

pop_group
pop_directive_splice
text
pop_document
