push_document 2
push_directive_splice
push_group 7
skip
push_positional_member
keyword_unit
pop_positional_member
comma
skip
push_positional_member
keyword_null
pop_positional_member
comma
skip
push_positional_member
keyword_true
pop_positional_member
comma
skip
push_positional_member
keyword_false
pop_positional_member
comma
skip
push_positional_member
decimal_int
pop_positional_member
comma
skip
push_positional_member
push_quoted_string 0
pop_quoted_string
pop_positional_member
comma
skip
push_positional_member
id_expression
pop_positional_member
comma
skip
pop_group
pop_directive_splice
text
pop_document
