push_document 2
push_directive_splice
push_group 6
skip

push_positional_member
push_expr_equals
decimal_int
skip
skip
decimal_int
pop_expr_equals
pop_positional_member
comma
skip

push_positional_member
push_expr_not_equals
decimal_int
skip
skip
decimal_int
pop_expr_not_equals
pop_positional_member
comma
skip

push_positional_member
push_expr_less_than
decimal_int
skip
skip
decimal_int
pop_expr_less_than
pop_positional_member
comma
skip

push_positional_member
push_expr_greater_than
decimal_int
skip
skip
decimal_int
pop_expr_greater_than
pop_positional_member
comma
skip

push_positional_member
push_expr_less_equal
decimal_int
skip
skip
decimal_int
pop_expr_less_equal
pop_positional_member
comma
skip

push_positional_member
push_expr_greater_equal
decimal_int
skip
skip
decimal_int
pop_expr_greater_equal
pop_positional_member
comma
skip

pop_group
pop_directive_splice
text
pop_document
